2026-07-15T10:54:10.854Z | seeds
2026-07-17T06:34:59.341Z | cashew
2026-07-17T06:35:01.861Z | cashew
2026-07-17T06:35:06.654Z | cashew
2026-07-17T06:35:06.834Z | cashew
2026-07-17T06:35:06.977Z | cashew
2026-07-17T06:35:15.314Z | cashew
2026-07-17T06:35:41.473Z | almond
2026-07-17T06:35:57.233Z | almond
2026-07-19T09:09:20.132Z | Fruits
2026-07-19T09:09:26.038Z | Nuts
2026-07-19T09:09:34.266Z | Seeds
2026-07-19T09:09:36.247Z | Seeds
2026-07-19T09:09:41.040Z | Seeds
2026-07-19T09:09:47.331Z | Seeds
2026-07-19T09:10:26.277Z | Fruits
2026-07-19T09:10:36.560Z | Fruits
2026-07-19T09:10:41.655Z | Nuts
2026-07-23T06:15:58.698Z | HealthySnacks
2026-07-23T06:16:04.947Z | Nuts
2026-07-23T06:16:09.256Z | Fruits
2026-07-23T06:16:26.675Z | Fruits
2026-07-23T06:16:40.804Z | Nuts
2026-07-23T06:16:51.798Z | Seeds
2026-07-23T06:17:00.424Z | Gifts
2026-07-23T06:17:14.464Z | Fruits
